2025-04-28 21:30:32,855 - INFO - --- Running RAG Test 8: Brazo Telescópico (Log file: logs\rag\zac_phi4-tools\rag_tc_7.log) ---
2025-04-28 21:30:32,856 - INFO - User Query: ¿Qué es un brazo telescópico para la retroexcavadora?
2025-04-28 21:30:32,856 - INFO - Reference: Un brazo telescópico es un tipo de brazo extensible que se puede alargar y acortar mediante un sistema de secciones deslizantes, similar a cómo funciona un telescopio.
2025-04-28 21:30:32,856 - INFO - Expected Tool Calls: ['assign_to_rag_expert({})', "retrieve_context({'query': 'brazo telescópico retroexcavadora'})", 'transfer_back_to_supervisor({})']
2025-04-28 21:30:32,856 - INFO - Running test with conversation ID: test-run-b9426c4f-4806-4a5b-abf1-97d2bde6d89e
2025-04-28 21:30:46,216 - INFO - --- Workflow Output Messages ---
2025-04-28 21:30:46,216 - INFO - ================================ Human Message =================================

¿Qué es un brazo telescópico para la retroexcavadora?
2025-04-28 21:30:46,217 - INFO - ================================== Ai Message ==================================
Name: supervisor
Tool Calls:
  assign_to_rag_expert (b208fb05-8e14-4e63-bade-a12bc66efe68)
 Call ID: b208fb05-8e14-4e63-bade-a12bc66efe68
  Args:
2025-04-28 21:30:46,217 - INFO - ================================= Tool Message =================================
Name: assign_to_rag_expert

Successfully transferred to rag_expert
2025-04-28 21:30:46,217 - INFO - ================================== Ai Message ==================================
Name: rag_expert
2025-04-28 21:30:46,217 - INFO - ================================== Ai Message ==================================
Name: rag_expert

Transferring back to supervisor
Tool Calls:
  transfer_back_to_supervisor (ec343f5d-1926-4067-9977-056dcba6fdd3)
 Call ID: ec343f5d-1926-4067-9977-056dcba6fdd3
  Args:
2025-04-28 21:30:46,218 - INFO - ================================= Tool Message =================================
Name: transfer_back_to_supervisor

Successfully transferred back to supervisor
2025-04-28 21:30:46,218 - INFO - ================================== Ai Message ==================================
Name: supervisor

El experto RAG ha sido consultado para responder a tu pregunta sobre qué es un brazo telescópico para la retroexcavadora. Espera su respuesta con los detalles específicos que podrían estar en los documentos indexados.
2025-04-28 21:30:46,218 - INFO - --- Ragas Trace Conversion Successful ---
2025-04-28 21:30:46,218 - INFO - --- Calculating answer_accuracy score for RAG Test 8: Brazo Telescópico ---
2025-04-28 21:30:47,187 - INFO - answer_accuracy: 0.0000
2025-04-28 21:30:47,187 - INFO - --- Calculating bleu score for RAG Test 8: Brazo Telescópico ---
2025-04-28 21:30:47,188 - INFO - bleu: 0.0365
2025-04-28 21:30:47,188 - INFO - --- Calculating rouge score for RAG Test 8: Brazo Telescópico ---
2025-04-28 21:30:47,189 - INFO - rouge: 0.1515
2025-04-28 21:30:47,189 - INFO - --- Calculating non_llm_similarity score for RAG Test 8: Brazo Telescópico ---
2025-04-28 21:30:47,189 - INFO - non_llm_similarity: 0.2811
2025-04-28 21:30:47,189 - INFO - --- Calculating tool score for RAG Test 8: Brazo Telescópico ---
2025-04-28 21:30:47,190 - INFO - tool: 0.0000
2025-04-28 21:30:47,190 - INFO - --- End of RAG Test 8: Brazo Telescópico ---
