2025-04-28 19:23:35,023 - INFO - --- Running TC 10 (RAG): Delegate Reserva Plata 2016 Query (Log file: logs\supervisor\hf.co_Salesforce_Llama-xLAM-2-8b-fc-r-gguf_F16\supervisor_tc_9.log) ---
2025-04-28 19:23:35,023 - INFO - User Query: ¿Cuál fue la reserva de plata en el Anuario de la Minería de Chile del 2016?
2025-04-28 19:23:35,024 - INFO - Reference: The goal is to assign the task to the RAG expert.
2025-04-28 19:23:35,024 - INFO - Expected Tool Calls: ['assign_to_rag_expert({})']
2025-04-28 19:23:35,024 - INFO - Running test with conversation ID: test-run-f17874b7-db6a-4042-a407-a74b27f3c82d
2025-04-28 19:24:08,659 - INFO - --- Workflow Output Messages ---
2025-04-28 19:24:08,659 - INFO - ================================ Human Message =================================

¿Cuál fue la reserva de plata en el Anuario de la Minería de Chile del 2016?
2025-04-28 19:24:08,659 - INFO - ================================== Ai Message ==================================
Name: supervisor
Tool Calls:
  assign_to_rag_expert (17c34163-f7fb-45fb-9340-be366c6edd1e)
 Call ID: 17c34163-f7fb-45fb-9340-be366c6edd1e
  Args:
2025-04-28 19:24:08,659 - INFO - ================================= Tool Message =================================
Name: assign_to_rag_expert

Successfully transferred to rag_expert
2025-04-28 19:24:08,660 - INFO - ================================== Ai Message ==================================
Name: rag_expert
Tool Calls:
  retrieve_context (157af07c-29aa-4f1e-a6d5-acacd516d107)
 Call ID: 157af07c-29aa-4f1e-a6d5-acacd516d107
  Args:
    k: 3
    query: reserva de plata en el Anuario de la Minería de Chile del 2016
2025-04-28 19:24:08,660 - INFO - ================================= Tool Message =================================
Name: retrieve_context

Retrieved context:\nOro (t) 997,7 1186 
Plata (t) 25.542 10.271 
Hierro (Mt) - 539,4 
Nitratos (Mt) 85,6 - 
Yodo (miles t) 614,1 - 
 
Fuente: Anuario de la Minería de Chile 2016. 
 
 
3 A pesar de existir un Anuario de la Minería en Chile 2022, los datos más actualizados sobre reservas y recursos mineros se encuentran 
en el de 2016.\n---\nmedida por la pequeña y mediana minería.  
A continuación, se muestra una tabla relativa a las reservas y recursos disponibles en Chile, tanto de 
carácter metálico como no metálico, de acuerdo con el Anuario de la Minería de Chile del 20163. 
RECURSOS Y RESERVAS DE LOS PRINCIPALES MINERALES EN CHILE 
Millones de toneladas (Mt) o toneladas (t) 
Mineral Reserva  Recurso 
Cobre (Mt) 167,2 288,5 
Molibdeno (Mt) 1,4 2,1 
Oro (t) 997,7 1186 
Plata (t) 25.542 10.271 
Hierro (Mt) - 539,4 
Nitratos (Mt) 85,6 -\n---\n16 
 
Principales yacimientos de la minería metálica en Chile y su ubicación por regiones:
2025-04-28 19:24:08,661 - INFO - ================================== Ai Message ==================================
Name: rag_expert

Según el Anuario de la Minería de Chile del 2016, la reserva de plata es de **25.542 toneladas**.
2025-04-28 19:24:08,661 - INFO - ================================== Ai Message ==================================
Name: rag_expert

Transferring back to supervisor
Tool Calls:
  transfer_back_to_supervisor (17f1e025-bbef-43c3-8458-b03314a549c7)
 Call ID: 17f1e025-bbef-43c3-8458-b03314a549c7
  Args:
2025-04-28 19:24:08,661 - INFO - ================================= Tool Message =================================
Name: transfer_back_to_supervisor

Successfully transferred back to supervisor
2025-04-28 19:24:08,661 - INFO - ================================== Ai Message ==================================
Name: supervisor

The reserve of silver in the Mining Yearbook of Chile in 2016 was **25.542 tons**.
2025-04-28 19:24:08,662 - INFO - --- Ragas Trace Conversion Successful ---
2025-04-28 19:24:08,662 - INFO - --- Calculating tool score for TC 10 (RAG): Delegate Reserva Plata 2016 Query ---
2025-04-28 19:24:08,662 - INFO - --- Using TRUNCATED Ragas Trace for Supervisor ToolCallAccuracy ---
2025-04-28 19:24:08,663 - INFO - tool: 1.0000
2025-04-28 19:24:08,663 - INFO - --- End of TC 10 (RAG): Delegate Reserva Plata 2016 Query ---
