2025-04-28 19:24:08,664 - INFO - --- Running TC 11 (RAG): Delegate Componentes Retroexcavadora Query (Log file: logs\supervisor\hf.co_Salesforce_Llama-xLAM-2-8b-fc-r-gguf_F16\supervisor_tc_10.log) ---
2025-04-28 19:24:08,664 - INFO - User Query: ¿Puedes entregarme los componentes externos de una retroexcavadora?
2025-04-28 19:24:08,664 - INFO - Reference: The goal is to assign the task to the RAG expert.
2025-04-28 19:24:08,664 - INFO - Expected Tool Calls: ['assign_to_rag_expert({})']
2025-04-28 19:24:08,664 - INFO - Running test with conversation ID: test-run-1ee7a67c-f7ee-48d6-849a-929f909f7ee7
2025-04-28 19:24:44,840 - INFO - --- Workflow Output Messages ---
2025-04-28 19:24:44,840 - INFO - ================================ Human Message =================================

¿Puedes entregarme los componentes externos de una retroexcavadora?
2025-04-28 19:24:44,840 - INFO - ================================== Ai Message ==================================
Name: supervisor
Tool Calls:
  assign_to_rag_expert (6a0e4c4d-2a9d-4798-adb9-124adbc660cd)
 Call ID: 6a0e4c4d-2a9d-4798-adb9-124adbc660cd
  Args:
2025-04-28 19:24:44,841 - INFO - ================================= Tool Message =================================
Name: assign_to_rag_expert

Successfully transferred to rag_expert
2025-04-28 19:24:44,841 - INFO - ================================== Ai Message ==================================
Name: rag_expert

Lo siento, parece que no tengo información específica sobre los componentes externos de una retroexcavadora en mis documentos actuales. ¿Podría proporcionar más detalles o especificar qué tipo de retroexcavadora está interesado para buscar la información correcta? Si tiene un modelo específico en mente, podría ser útil para encontrar la información precisa que necesita.
2025-04-28 19:24:44,841 - INFO - ================================== Ai Message ==================================
Name: rag_expert

Transferring back to supervisor
Tool Calls:
  transfer_back_to_supervisor (8ecd2707-34e7-46eb-ad0c-753ee82730b8)
 Call ID: 8ecd2707-34e7-46eb-ad0c-753ee82730b8
  Args:
2025-04-28 19:24:44,842 - INFO - ================================= Tool Message =================================
Name: transfer_back_to_supervisor

Successfully transferred back to supervisor
2025-04-28 19:24:44,842 - INFO - ================================== Ai Message ==================================
Name: supervisor

No tengo información específica sobre los componentes externos de una retroexcavadora. ¿Podría proporcionar más detalles o especificar qué tipo de retroexcavadora está interesado para buscar la información correcta? Si tiene un modelo específico en mente, podría ser útil para encontrar la información precisa que necesita.
2025-04-28 19:24:44,842 - INFO - --- Ragas Trace Conversion Successful ---
2025-04-28 19:24:44,842 - INFO - --- Calculating tool score for TC 11 (RAG): Delegate Componentes Retroexcavadora Query ---
2025-04-28 19:24:44,843 - INFO - --- Using TRUNCATED Ragas Trace for Supervisor ToolCallAccuracy ---
2025-04-28 19:24:44,843 - INFO - tool: 1.0000
2025-04-28 19:24:44,843 - INFO - --- End of TC 11 (RAG): Delegate Componentes Retroexcavadora Query ---
