2025-04-28 19:21:53,291 - INFO - --- Running TC 6 (RAG): Delegate Áreas Montaje Query (Log file: logs\supervisor\hf.co_Salesforce_Llama-xLAM-2-8b-fc-r-gguf_F16\supervisor_tc_5.log) ---
2025-04-28 19:21:53,291 - INFO - User Query: ¿Cuáles son las áreas de montaje industrial del proyecto de la mina Ministro Hales? Menciónalas
2025-04-28 19:21:53,291 - INFO - Reference: The goal is to assign the task to the RAG expert.
2025-04-28 19:21:53,291 - INFO - Expected Tool Calls: ['assign_to_rag_expert({})']
2025-04-28 19:21:53,292 - INFO - Running test with conversation ID: test-run-3be61cd5-8b54-495a-b156-3afb66aabaee
2025-04-28 19:22:46,587 - INFO - --- Workflow Output Messages ---
2025-04-28 19:22:46,587 - INFO - ================================ Human Message =================================

¿Cuáles son las áreas de montaje industrial del proyecto de la mina Ministro Hales? Menciónalas
2025-04-28 19:22:46,588 - INFO - ================================== Ai Message ==================================
Name: supervisor
Tool Calls:
  assign_to_rag_expert (ad67aa17-0e97-4e76-ac64-6b426c6d4da4)
 Call ID: ad67aa17-0e97-4e76-ac64-6b426c6d4da4
  Args:
2025-04-28 19:22:46,588 - INFO - ================================= Tool Message =================================
Name: assign_to_rag_expert

Successfully transferred to rag_expert
2025-04-28 19:22:46,588 - INFO - ================================== Ai Message ==================================
Name: rag_expert
Tool Calls:
  retrieve_context (117a4b70-cc19-4f80-b6dc-9165a5d96668)
 Call ID: 117a4b70-cc19-4f80-b6dc-9165a5d96668
  Args:
    k: 3
    query: áreas de montaje industrial del proyecto mina Ministro Hales
2025-04-28 19:22:46,589 - INFO - ================================= Tool Message =================================
Name: retrieve_context

Retrieved context:\nrajo abierto de 
Ministro Hales, a 
10 km al norte de 
la localidad de 
Calama en la región 
de Antofagasta. 
Construcción de la planta stockpile del proyecto 
Ministro Hales.\n---\nde relaves y concentrados de la mina, se dividió en tres 
áreas principales, las cuales consideran todos los trabajos 
de obras civiles, montaje de estructuras, cañerías, mecáni-
ca, eléctricos y de instrumentación para su completo fun-
cionamiento”. el proceso se dividió así:
El área 3000 que es precisamente el sector de espe-
samiento de relaves y concentrados, contempló el mon-
taje de cuatro espesadores, dos de relaves de 100 m de 
diámetro y dos de concentrado de 50 m de diámetro. a\n---\n42  construcción minera nº 3  •  noviembre 2013
proyEcto
la división ministro Hales se emplaza en la región de an-
tofagasta, a 5 km de calama, y su concepción se remonta 
al 2010 cuando codelco decide expandir el número de 
sus divisiones. para fraguar esta tarea, la cuprífera manda-
tó a su vicepresidencia de proyectos (vp), quien se en-
cargó de crear y operar las instalaciones.
ministro Hales contempla la explotación de sulfuros de 
cobre “con reservas económicamente explotables de 289
2025-04-28 19:22:46,590 - INFO - ================================== Ai Message ==================================
Name: rag_expert

Las áreas de montaje industrial del proyecto de la mina Ministro Hales incluyen:

- **Área 3000**: Este sector se centra en el espesamiento de relaves y concentrados, donde se llevó a cabo el montaje de cuatro espesadores: dos para relaves con un diámetro de 100 metros y dos para concentrado con un diámetro de 50 metros.

No se mencionan otras áreas específicas en la información proporcionada.
2025-04-28 19:22:46,590 - INFO - ================================== Ai Message ==================================
Name: rag_expert

Transferring back to supervisor
Tool Calls:
  transfer_back_to_supervisor (7c2a095f-4934-484d-bd9a-9fe6bf9fda23)
 Call ID: 7c2a095f-4934-484d-bd9a-9fe6bf9fda23
  Args:
2025-04-28 19:22:46,590 - INFO - ================================= Tool Message =================================
Name: transfer_back_to_supervisor

Successfully transferred back to supervisor
2025-04-28 19:22:46,590 - INFO - ================================== Ai Message ==================================
Name: supervisor

Las áreas de montaje industrial del proyecto de la mina Ministro Hales incluyen el área 3000, donde se llevó a cabo el espesamiento de relaves y concentrados. En este sector se montaron cuatro espesadores: dos para relaves con un diámetro de 100 metros y dos para concentrado con un diámetro de 50 metros.
2025-04-28 19:22:46,591 - INFO - --- Ragas Trace Conversion Successful ---
2025-04-28 19:22:46,591 - INFO - --- Calculating tool score for TC 6 (RAG): Delegate Áreas Montaje Query ---
2025-04-28 19:22:46,591 - INFO - --- Using TRUNCATED Ragas Trace for Supervisor ToolCallAccuracy ---
2025-04-28 19:22:46,591 - INFO - tool: 1.0000
2025-04-28 19:22:46,592 - INFO - --- End of TC 6 (RAG): Delegate Áreas Montaje Query ---
