2025-04-28 16:46:17,659 - INFO - --- Running Test Case 7: Partes de un sistema de frenos (Log file: logs\recuperador\PetrosStav_gemma3-tools_12b\recuperador_tc_6.log) ---
2025-04-28 16:46:17,659 - INFO - User Query: Retorna algún archivo que menciones las partes de un sistema de frenos.
2025-04-28 16:46:17,659 - INFO - Reference: El documento que estás buscando es src\data\Manual_curso_de_maquinaria_pesada-Retroexcavadora.pdf
2025-04-28 16:46:17,659 - INFO - Expected Tool Calls: ['assign_to_retriever_expert({})', "retrieve_file({'query': 'partes de un sistema de frenos'})", 'transfer_back_to_supervisor({})']
2025-04-28 16:46:17,660 - INFO - Running test with conversation ID: test-run-3db44d7e-2f92-4485-b554-e4708d6803a0
2025-04-28 16:46:44,651 - INFO - --- Workflow Output Messages ---
2025-04-28 16:46:44,651 - INFO - ================================ Human Message =================================

Retorna algún archivo que menciones las partes de un sistema de frenos.
2025-04-28 16:46:44,651 - INFO - ================================== Ai Message ==================================
Name: supervisor
Tool Calls:
  assign_to_retriever_expert (d29e9733-9512-4268-a044-9a701f592faf)
 Call ID: d29e9733-9512-4268-a044-9a701f592faf
  Args:
2025-04-28 16:46:44,652 - INFO - ================================= Tool Message =================================
Name: assign_to_retriever_expert

Successfully transferred to retriever_expert
2025-04-28 16:46:44,652 - INFO - ================================== Ai Message ==================================
Name: retriever_expert
Tool Calls:
  retrieve_file (3cb124a6-e8d3-42f8-86e4-4593f591c2da)
 Call ID: 3cb124a6-e8d3-42f8-86e4-4593f591c2da
  Args:
    query: partes sistema de frenos
2025-04-28 16:46:44,652 - INFO - ================================= Tool Message =================================
Name: retrieve_file

src\data\Manual_curso_de_maquinaria_pesada-Retroexcavadora.pdf
2025-04-28 16:46:44,652 - INFO - ================================== Ai Message ==================================
Name: retriever_expert

src\data\Manual_curso_de_maquinaria_pesada-Retroexcavadora.pdf
2025-04-28 16:46:44,653 - INFO - ================================== Ai Message ==================================
Name: retriever_expert

Transferring back to supervisor
Tool Calls:
  transfer_back_to_supervisor (a0b4a064-5046-4050-b6fa-e0e7a308f872)
 Call ID: a0b4a064-5046-4050-b6fa-e0e7a308f872
  Args:
2025-04-28 16:46:44,653 - INFO - ================================= Tool Message =================================
Name: transfer_back_to_supervisor

Successfully transferred back to supervisor
2025-04-28 16:46:44,653 - INFO - ================================== Ai Message ==================================
Name: supervisor

El documento que estás buscando es src\data\Manual_curso_de_maquinaria_pesada-Retroexcavadora.pdf.
2025-04-28 16:46:44,654 - INFO - --- Ragas Trace Conversion Successful ---
2025-04-28 16:46:44,654 - INFO - --- Calculating goal score for Test Case 7: Partes de un sistema de frenos ---
2025-04-28 16:46:55,312 - INFO - goal: 0.0000
2025-04-28 16:46:55,312 - INFO - --- Calculating tool score for Test Case 7: Partes de un sistema de frenos ---
2025-04-28 16:46:55,313 - INFO - tool: 0.6667
2025-04-28 16:46:55,313 - INFO - --- End of Test Case 7: Partes de un sistema de frenos ---
