2025-04-28 16:43:51,511 - INFO - --- Running Test Case 3: Diferencia entre una excavadora y la retroexcavadora (Log file: logs\recuperador\PetrosStav_gemma3-tools_12b\recuperador_tc_2.log) ---
2025-04-28 16:43:51,511 - INFO - User Query: Puedes entregarme el archivo pdf que explique de forma detallada cuál la diferencia entre una excavadora y la retroexcavadora.
2025-04-28 16:43:51,511 - INFO - Reference: El documento que estás buscando es src\data\Manual_curso_de_maquinaria_pesada-Retroexcavadora.pdf
2025-04-28 16:43:51,511 - INFO - Expected Tool Calls: ['assign_to_retriever_expert({})', "retrieve_file({'query': 'diferencia entre excavadora y la retroexcavadora'})", 'transfer_back_to_supervisor({})']
2025-04-28 16:43:51,512 - INFO - Running test with conversation ID: test-run-2b3b86e8-e95f-4859-a2bd-56a9aaec1a0e
2025-04-28 16:44:16,793 - INFO - --- Workflow Output Messages ---
2025-04-28 16:44:16,793 - INFO - ================================ Human Message =================================

Puedes entregarme el archivo pdf que explique de forma detallada cuál la diferencia entre una excavadora y la retroexcavadora.
2025-04-28 16:44:16,793 - INFO - ================================== Ai Message ==================================
Name: supervisor
Tool Calls:
  assign_to_retriever_expert (0c91ea92-b34a-47f9-8598-719c5019a2e0)
 Call ID: 0c91ea92-b34a-47f9-8598-719c5019a2e0
  Args:
2025-04-28 16:44:16,794 - INFO - ================================= Tool Message =================================
Name: assign_to_retriever_expert

Successfully transferred to retriever_expert
2025-04-28 16:44:16,794 - INFO - ================================== Ai Message ==================================
Name: retriever_expert
Tool Calls:
  retrieve_file (d345c7de-d19a-4ab8-9cc2-a8e669f9f927)
 Call ID: d345c7de-d19a-4ab8-9cc2-a8e669f9f927
  Args:
    query: diferencia entre excavadora y retroexcavadora
2025-04-28 16:44:16,794 - INFO - ================================= Tool Message =================================
Name: retrieve_file

src\data\Manual_curso_de_maquinaria_pesada-Retroexcavadora.pdf
2025-04-28 16:44:16,794 - INFO - ================================== Ai Message ==================================
Name: retriever_expert

src\data\Manual_curso_de_maquinaria_pesada-Retroexcavadora.pdf
2025-04-28 16:44:16,794 - INFO - ================================== Ai Message ==================================
Name: retriever_expert

Transferring back to supervisor
Tool Calls:
  transfer_back_to_supervisor (473000da-7a5c-4e0a-9329-6d37bf931e8d)
 Call ID: 473000da-7a5c-4e0a-9329-6d37bf931e8d
  Args:
2025-04-28 16:44:16,795 - INFO - ================================= Tool Message =================================
Name: transfer_back_to_supervisor

Successfully transferred back to supervisor
2025-04-28 16:44:16,795 - INFO - ================================== Ai Message ==================================
Name: supervisor

El documento que estás buscando es src\data\Manual_curso_de_maquinaria_pesada-Retroexcavadora.pdf.
2025-04-28 16:44:16,795 - INFO - --- Ragas Trace Conversion Successful ---
2025-04-28 16:44:16,795 - INFO - --- Calculating goal score for Test Case 3: Diferencia entre una excavadora y la retroexcavadora ---
2025-04-28 16:44:27,680 - INFO - goal: 1.0000
2025-04-28 16:44:27,680 - INFO - --- Calculating tool score for Test Case 3: Diferencia entre una excavadora y la retroexcavadora ---
2025-04-28 16:44:27,681 - INFO - tool: 0.6667
2025-04-28 16:44:27,681 - INFO - --- End of Test Case 3: Diferencia entre una excavadora y la retroexcavadora ---
