2025-04-28 16:42:41,668 - INFO - --- Running Test Case 1: Plan de Humectación (Log file: logs\recuperador\PetrosStav_gemma3-tools_12b\recuperador_tc_0.log) ---
2025-04-28 16:42:41,668 - INFO - User Query: Puedes entregarme el archivo pdf que hable sobre el plan de humectación
2025-04-28 16:42:41,668 - INFO - Reference: El documento que estás buscando es src\data\Mina_Ministro_Hales.pdf
2025-04-28 16:42:41,668 - INFO - Expected Tool Calls: ['assign_to_retriever_expert({})', "retrieve_file({'query': 'plan de humectación'})", 'transfer_back_to_supervisor({})']
2025-04-28 16:42:41,668 - INFO - Running test with conversation ID: test-run-bd537a65-211d-4afa-aeae-d93881c7df32
2025-04-28 16:43:08,838 - INFO - --- Workflow Output Messages ---
2025-04-28 16:43:08,838 - INFO - ================================ Human Message =================================

Puedes entregarme el archivo pdf que hable sobre el plan de humectación
2025-04-28 16:43:08,839 - INFO - ================================== Ai Message ==================================
Name: supervisor
Tool Calls:
  assign_to_retriever_expert (69175e8e-ecdd-42a2-a756-cd44a6424968)
 Call ID: 69175e8e-ecdd-42a2-a756-cd44a6424968
  Args:
2025-04-28 16:43:08,839 - INFO - ================================= Tool Message =================================
Name: assign_to_retriever_expert

Successfully transferred to retriever_expert
2025-04-28 16:43:08,839 - INFO - ================================== Ai Message ==================================
Name: retriever_expert
Tool Calls:
  retrieve_file (3db8fee4-996e-45ae-9ad3-0fe497e37cb6)
 Call ID: 3db8fee4-996e-45ae-9ad3-0fe497e37cb6
  Args:
    query: plan de humectación
2025-04-28 16:43:08,839 - INFO - ================================= Tool Message =================================
Name: retrieve_file

src\data\Mina_Ministro_Hales.pdf
2025-04-28 16:43:08,840 - INFO - ================================== Ai Message ==================================
Name: retriever_expert

src\data\Mina_Ministro_Hales.pdf
2025-04-28 16:43:08,840 - INFO - ================================== Ai Message ==================================
Name: retriever_expert

Transferring back to supervisor
Tool Calls:
  transfer_back_to_supervisor (8230615f-9a70-41c2-aca5-2f2d01cda541)
 Call ID: 8230615f-9a70-41c2-aca5-2f2d01cda541
  Args:
2025-04-28 16:43:08,840 - INFO - ================================= Tool Message =================================
Name: transfer_back_to_supervisor

Successfully transferred back to supervisor
2025-04-28 16:43:08,840 - INFO - ================================== Ai Message ==================================
Name: supervisor

El documento que estás buscando es src\data\Mina_Ministro_Hales.pdf.
2025-04-28 16:43:08,841 - INFO - --- Ragas Trace Conversion Successful ---
2025-04-28 16:43:08,841 - INFO - --- Calculating goal score for Test Case 1: Plan de Humectación ---
2025-04-28 16:43:18,042 - INFO - goal: 0.0000
2025-04-28 16:43:18,042 - INFO - --- Calculating tool score for Test Case 1: Plan de Humectación ---
2025-04-28 16:43:18,043 - INFO - tool: 1.0000
2025-04-28 16:43:18,043 - INFO - --- End of Test Case 1: Plan de Humectación ---
