2025-04-28 16:45:44,427 - INFO - --- Running Test Case 6: Significado de RMI (Log file: logs\recuperador\PetrosStav_gemma3-tools_12b\recuperador_tc_5.log) ---
2025-04-28 16:45:44,427 - INFO - User Query: ¿Qué archivo menciona el significado de RMI?
2025-04-28 16:45:44,427 - INFO - Reference: El documento que estás buscando es src\data\mineria_chilena_removed.pdf
2025-04-28 16:45:44,427 - INFO - Expected Tool Calls: ['assign_to_retriever_expert({})', "retrieve_file({'query': 'significado de RMI'})", 'transfer_back_to_supervisor({})']
2025-04-28 16:45:44,428 - INFO - Running test with conversation ID: test-run-e3c7c52c-6ed2-46a3-b394-732529b684a5
2025-04-28 16:46:07,371 - INFO - --- Workflow Output Messages ---
2025-04-28 16:46:07,371 - INFO - ================================ Human Message =================================

¿Qué archivo menciona el significado de RMI?
2025-04-28 16:46:07,371 - INFO - ================================== Ai Message ==================================
Name: supervisor
Tool Calls:
  assign_to_retriever_expert (d86d89b4-0d57-4440-88e4-8147e36f4568)
 Call ID: d86d89b4-0d57-4440-88e4-8147e36f4568
  Args:
2025-04-28 16:46:07,372 - INFO - ================================= Tool Message =================================
Name: assign_to_retriever_expert

Successfully transferred to retriever_expert
2025-04-28 16:46:07,372 - INFO - ================================== Ai Message ==================================
Name: retriever_expert
Tool Calls:
  retrieve_file (ee51a84c-6e8e-4f90-8fb4-312efef62030)
 Call ID: ee51a84c-6e8e-4f90-8fb4-312efef62030
  Args:
    query: significado de RMI
2025-04-28 16:46:07,372 - INFO - ================================= Tool Message =================================
Name: retrieve_file

src\data\mineria_chilena_removed.pdf
2025-04-28 16:46:07,372 - INFO - ================================== Ai Message ==================================
Name: retriever_expert

src\data\mineria_chilena_removed.pdf
2025-04-28 16:46:07,373 - INFO - ================================== Ai Message ==================================
Name: retriever_expert

Transferring back to supervisor
Tool Calls:
  transfer_back_to_supervisor (c456a410-d2cf-4c22-afd8-42c2ab004839)
 Call ID: c456a410-d2cf-4c22-afd8-42c2ab004839
  Args:
2025-04-28 16:46:07,373 - INFO - ================================= Tool Message =================================
Name: transfer_back_to_supervisor

Successfully transferred back to supervisor
2025-04-28 16:46:07,373 - INFO - ================================== Ai Message ==================================
Name: supervisor

El documento que estás buscando es src\data\mineria_chilena_removed.pdf.
2025-04-28 16:46:07,374 - INFO - --- Ragas Trace Conversion Successful ---
2025-04-28 16:46:07,374 - INFO - --- Calculating goal score for Test Case 6: Significado de RMI ---
2025-04-28 16:46:17,657 - INFO - goal: 1.0000
2025-04-28 16:46:17,657 - INFO - --- Calculating tool score for Test Case 6: Significado de RMI ---
2025-04-28 16:46:17,658 - INFO - tool: 1.0000
2025-04-28 16:46:17,658 - INFO - --- End of Test Case 6: Significado de RMI ---
