2025-04-28 21:07:14,468 - INFO - --- Running RAG Test 13: Ganancia Bruta Codelco 2022 (Log file: logs\rag\PetrosStav_gemma3-tools_12b\rag_tc_12.log) ---
2025-04-28 21:07:14,468 - INFO - User Query: ¿Cuál fue la ganancia bruta de Codelco del año 2022?
2025-04-28 21:07:14,468 - INFO - Reference: 4.734
2025-04-28 21:07:14,469 - INFO - Expected Tool Calls: ['assign_to_rag_expert({})', "retrieve_context({'query': 'ganancia bruta Codelco 2022'})", 'transfer_back_to_supervisor({})']
2025-04-28 21:07:14,469 - INFO - Running test with conversation ID: test-run-f5c6c47a-f781-48d2-b8a7-ef0fc216b41a
2025-04-28 21:07:53,659 - INFO - --- Workflow Output Messages ---
2025-04-28 21:07:53,661 - INFO - ================================ Human Message =================================

¿Cuál fue la ganancia bruta de Codelco del año 2022?
2025-04-28 21:07:53,661 - INFO - ================================== Ai Message ==================================
Name: supervisor
Tool Calls:
  assign_to_rag_expert (128713a3-5cc4-49b9-bdfa-66ba81eb4473)
 Call ID: 128713a3-5cc4-49b9-bdfa-66ba81eb4473
  Args:
2025-04-28 21:07:53,661 - INFO - ================================= Tool Message =================================
Name: assign_to_rag_expert

Successfully transferred to rag_expert
2025-04-28 21:07:53,662 - INFO - ================================== Ai Message ==================================
Name: rag_expert
Tool Calls:
  retrieve_context (9c3e42ec-3197-43a1-b2ed-ab599ae1ccf9)
 Call ID: 9c3e42ec-3197-43a1-b2ed-ab599ae1ccf9
  Args:
    k: 1
    query: Codelco ganancia bruta 2022
2025-04-28 21:07:53,662 - INFO - ================================= Tool Message =================================
Name: retrieve_context

Retrieved context:\nI  ENTREGA DE RESULTADOS 2022 1© 2023 CODELCO CHILE. TODOS LOS DERECHOS RESERVADOS.        INFORMACIÓN USO GENERAL |
ENTREGA DE 
 RESULTADOS 2022
MARZO 2023
2025-04-28 21:07:53,662 - INFO - ================================== Ai Message ==================================
Name: rag_expert

La información proporcionada indica que los resultados de Codelco para el año 2022 se publicaron en marzo de 2023. Para obtener la ganancia bruta específica de Codelco para el año 2022, necesitaría acceder al informe de resultados completo de ese año.
2025-04-28 21:07:53,663 - INFO - ================================== Ai Message ==================================
Name: rag_expert

Transferring back to supervisor
Tool Calls:
  transfer_back_to_supervisor (02f2eaa9-4e86-4286-ad73-d89762b90b82)
 Call ID: 02f2eaa9-4e86-4286-ad73-d89762b90b82
  Args:
2025-04-28 21:07:53,663 - INFO - ================================= Tool Message =================================
Name: transfer_back_to_supervisor

Successfully transferred back to supervisor
2025-04-28 21:07:53,663 - INFO - ================================== Ai Message ==================================
Name: supervisor

Para obtener la ganancia bruta específica de Codelco para el año 2022, necesitaría acceder al informe de resultados completo de ese año. Te recomiendo que revises el documento "ENTREGA DE RESULTADOS 2022" publicado por Codelco en marzo de 2023 para obtener la información detallada que buscas.

Si necesitas el archivo directamente, puedo asignar esta tarea al experto encargado de recuperar documentos. ¿Deseas continuar con esto?
2025-04-28 21:07:53,664 - INFO - --- Ragas Trace Conversion Successful ---
2025-04-28 21:07:53,664 - INFO - --- Calculating answer_accuracy score for RAG Test 13: Ganancia Bruta Codelco 2022 ---
2025-04-28 21:07:54,981 - INFO - answer_accuracy: 0.0000
2025-04-28 21:07:54,981 - INFO - --- Calculating bleu score for RAG Test 13: Ganancia Bruta Codelco 2022 ---
2025-04-28 21:07:54,981 - INFO - bleu: 0.0000
2025-04-28 21:07:54,982 - INFO - --- Calculating rouge score for RAG Test 13: Ganancia Bruta Codelco 2022 ---
2025-04-28 21:07:54,983 - INFO - rouge: 0.0000
2025-04-28 21:07:54,983 - INFO - --- Calculating non_llm_similarity score for RAG Test 13: Ganancia Bruta Codelco 2022 ---
2025-04-28 21:07:54,983 - INFO - non_llm_similarity: 0.0046
2025-04-28 21:07:54,983 - INFO - --- Calculating tool score for RAG Test 13: Ganancia Bruta Codelco 2022 ---
2025-04-28 21:07:54,983 - INFO - tool: 0.6667
2025-04-28 21:07:54,984 - INFO - --- End of RAG Test 13: Ganancia Bruta Codelco 2022 ---
