2025-04-28 16:54:49,794 - INFO - --- Running Test Case 4: Histogram - 2 (Log file: logs\graficador\PetrosStav_gemma3-tools_12b\graficador_tc_3.log) ---
2025-04-28 16:54:49,794 - INFO - User Query: Puedes graficar la primera frecuencia de la variable_1 de los datos en data.csv
2025-04-28 16:54:49,794 - INFO - Reference: Histograma (plot_histogram) realizado exitosamente.
2025-04-28 16:54:49,794 - INFO - Expected Tool Calls: ["assign_to_graph_expert({'plot_type': 'histogram'})", "plot_histogram({'column': 'variable_1', 'file_path': 'src/data/data.csv'})", 'transfer_back_to_supervisor({})']
2025-04-28 16:54:49,795 - INFO - Running test with conversation ID: test-run-c65a5fb5-222a-400a-ba3a-35bbfa522a23
2025-04-28 16:55:57,857 - INFO - --- Workflow Output Messages ---
2025-04-28 16:55:57,857 - INFO - ================================ Human Message =================================

Puedes graficar la primera frecuencia de la variable_1 de los datos en data.csv
2025-04-28 16:55:57,857 - INFO - ================================== Ai Message ==================================
Name: supervisor
Tool Calls:
  assign_to_graph_expert (6d677f17-5880-4ec2-b4e3-0012206a02ff)
 Call ID: 6d677f17-5880-4ec2-b4e3-0012206a02ff
  Args:
2025-04-28 16:55:57,857 - INFO - ================================= Tool Message =================================
Name: assign_to_graph_expert

Successfully transferred to graph_expert
2025-04-28 16:55:57,858 - INFO - ================================== Ai Message ==================================
Name: graph_expert
Tool Calls:
  plot_histogram (442a8b4a-46c5-477e-a8c1-cad822d39b87)
 Call ID: 442a8b4a-46c5-477e-a8c1-cad822d39b87
  Args:
    column: variable_1
    file_path: src/data/data.csv
2025-04-28 16:55:57,858 - INFO - ================================= Tool Message =================================
Name: plot_histogram

null
2025-04-28 16:55:57,858 - INFO - ================================== Ai Message ==================================
Name: graph_expert

I apologize, but the tool returned a null response, indicating an issue with the plotting process. This could be due to several reasons, such as the file not being found, the column name being incorrect, or an internal error within the tool.

Could you please verify the following:

1.  **File Path:** Ensure that "src/data/data.csv" is the correct path to your data file.
2.  **Column Name:** Double-check that "variable\_1" is the exact name of the column you want to plot.
3.  **File Content:** Confirm that the file exists and contains a column named "variable\_1".

If the issue persists, please provide more details about the file (e.g., its format, the first few rows) so I can assist you further.
2025-04-28 16:55:57,859 - INFO - ================================== Ai Message ==================================
Name: graph_expert

Transferring back to supervisor
Tool Calls:
  transfer_back_to_supervisor (74127bb5-ecb1-48be-8908-613f06b1e3e1)
 Call ID: 74127bb5-ecb1-48be-8908-613f06b1e3e1
  Args:
2025-04-28 16:55:57,859 - INFO - ================================= Tool Message =================================
Name: transfer_back_to_supervisor

Successfully transferred back to supervisor
2025-04-28 16:55:57,859 - INFO - ================================== Ai Message ==================================
Name: supervisor

Lo siento por el inconveniente. Parece que hubo un problema al generar el gráfico. Para asegurarnos de que todo esté correcto, necesitamos verificar algunos detalles:

1.  **Ruta del archivo:** Asegúrate de que "src/data/data.csv" sea la ruta correcta para tu archivo de datos.
2.  **Nombre de la columna:** Verifica que "variable\_1" sea el nombre exacto de la columna que deseas graficar.

Si todo parece estar en orden y aún tienes problemas, por favor proporciona más detalles sobre el archivo (por ejemplo, su formato, las primeras filas) para poder ayudarte mejor.
2025-04-28 16:55:57,860 - INFO - --- Ragas Trace Conversion Successful ---
2025-04-28 16:55:57,860 - INFO - --- Calculating goal score for Test Case 4: Histogram - 2 ---
2025-04-28 16:56:09,383 - INFO - goal: 0.0000
2025-04-28 16:56:09,383 - INFO - --- Calculating tool score for Test Case 4: Histogram - 2 ---
2025-04-28 16:56:09,384 - INFO - tool: 0.6667
2025-04-28 16:56:09,384 - INFO - --- End of Test Case 4: Histogram - 2 ---
