2025-04-29 10:35:29,947 - INFO - --- Running RAG Test 8: Brazo Telescópico (Log file: logs\rag\PetrosStav_gemma3-tools_12b\rag_tc_7.log) ---
2025-04-29 10:35:29,947 - INFO - User Query: ¿Qué es un brazo telescópico para la retroexcavadora?
2025-04-29 10:35:29,947 - INFO - Reference: Un brazo telescópico es un tipo de brazo extensible que se puede alargar y acortar mediante un sistema de secciones deslizantes, similar a cómo funciona un telescopio.
2025-04-29 10:35:29,947 - INFO - Expected Tool Calls: ['assign_to_rag_expert({})', "retrieve_context({'query': 'brazo telescópico retroexcavadora'})", 'transfer_back_to_supervisor({})']
2025-04-29 10:35:29,947 - INFO - Running test with conversation ID: test-run-26bc05ea-0214-4bd7-acd7-068d12af6aa3
2025-04-29 10:36:04,233 - INFO - --- Workflow Output Messages ---
2025-04-29 10:36:04,233 - INFO - ================================ Human Message =================================

¿Qué es un brazo telescópico para la retroexcavadora?
2025-04-29 10:36:04,233 - INFO - ================================== Ai Message ==================================
Name: supervisor
Tool Calls:
  assign_to_rag_expert (5f7147a4-6908-4524-af09-734abc8643be)
 Call ID: 5f7147a4-6908-4524-af09-734abc8643be
  Args:
2025-04-29 10:36:04,234 - INFO - ================================= Tool Message =================================
Name: assign_to_rag_expert

Successfully transferred to rag_expert
2025-04-29 10:36:04,234 - INFO - ================================== Ai Message ==================================
Name: rag_expert

Un brazo telescópico para retroexcavadora, también conocido como brazo extensible o brazo telescópico, es una extensión del brazo principal de la retroexcavadora. Permite alcanzar distancias mayores y excavar a profundidades más significativas que con el brazo estándar.  Esencialmente, proporciona una mayor capacidad de alcance y excavación. Se utiliza comúnmente para tareas como la excavación de zanjas profundas, la limpieza de escombros y la manipulación de materiales a distancia.
2025-04-29 10:36:04,234 - INFO - ================================== Ai Message ==================================
Name: rag_expert

Transferring back to supervisor
Tool Calls:
  transfer_back_to_supervisor (0e227e45-fe14-4c95-b433-8e2bc0037907)
 Call ID: 0e227e45-fe14-4c95-b433-8e2bc0037907
  Args:
2025-04-29 10:36:04,234 - INFO - ================================= Tool Message =================================
Name: transfer_back_to_supervisor

Successfully transferred back to supervisor
2025-04-29 10:36:04,235 - INFO - ================================== Ai Message ==================================
Name: supervisor

Un brazo telescópico para retroexcavadora es una pieza que permite al equipo extender su alcance y profundidad de excavación. Proporciona mayor versatilidad en tareas como la excavación profunda y la manipulación de materiales a distancia. Si necesitas más detalles técnicos o específicos, por favor indícalo.
2025-04-29 10:36:04,235 - INFO - --- Ragas Trace Conversion Successful ---
2025-04-29 10:36:04,235 - INFO - --- Calculating answer_accuracy score for RAG Test 8: Brazo Telescópico ---
2025-04-29 10:36:05,271 - INFO - answer_accuracy: 0.7500
2025-04-29 10:36:05,271 - INFO - --- Calculating bleu score for RAG Test 8: Brazo Telescópico ---
2025-04-29 10:36:05,271 - INFO - bleu: 0.0550
2025-04-29 10:36:05,272 - INFO - --- Calculating rouge score for RAG Test 8: Brazo Telescópico ---
2025-04-29 10:36:05,273 - INFO - rouge: 0.2195
2025-04-29 10:36:05,273 - INFO - --- Calculating non_llm_similarity score for RAG Test 8: Brazo Telescópico ---
2025-04-29 10:36:05,273 - INFO - non_llm_similarity: 0.3172
2025-04-29 10:36:05,273 - INFO - --- Calculating tool score for RAG Test 8: Brazo Telescópico ---
2025-04-29 10:36:05,274 - INFO - tool: 0.0000
2025-04-29 10:36:05,274 - INFO - --- End of RAG Test 8: Brazo Telescópico ---
