2025-04-28 17:23:40,619 - INFO - --- Running TC 4 (Graficador): Delegate Histogram Query (Log file: logs\supervisor\MFDoom_deepseek-r1-tool-calling_14b\supervisor_tc_3.log) ---
2025-04-28 17:23:40,620 - INFO - User Query: Genera un histograma de la columna 1 del archivo data.csv
2025-04-28 17:23:40,620 - INFO - Reference: The goal is to assign the task to the graph expert.
2025-04-28 17:23:40,620 - INFO - Expected Tool Calls: ["assign_to_graph_expert({'plot_type': 'histogram'})"]
2025-04-28 17:23:40,620 - INFO - Running test with conversation ID: test-run-c0ac564a-a229-4389-a56f-0c5d4f1c0122
2025-04-28 17:23:58,606 - INFO - --- Workflow Output Messages ---
2025-04-28 17:23:58,606 - INFO - ================================ Human Message =================================

Genera un histograma de la columna 1 del archivo data.csv
2025-04-28 17:23:58,606 - INFO - ================================== Ai Message ==================================
Name: supervisor
Tool Calls:
  assign_to_graph_expert (65a3ccf7-0e21-4d5a-bdbf-b955b93308e4)
 Call ID: 65a3ccf7-0e21-4d5a-bdbf-b955b93308e4
  Args:
    column_index: 0
    file_path: data.csv
2025-04-28 17:23:58,606 - INFO - ================================= Tool Message =================================
Name: assign_to_graph_expert

Successfully transferred to graph_expert
2025-04-28 17:23:58,607 - INFO - ================================== Ai Message ==================================
Name: graph_expert
Tool Calls:
  plot_histogram (4f26be88-f0ff-405d-8699-a8f6d919a710)
 Call ID: 4f26be88-f0ff-405d-8699-a8f6d919a710
  Args:
    column: 0
    file_path: src/data/data.csv
2025-04-28 17:23:58,607 - INFO - ================================= Tool Message =================================
Name: plot_histogram

null
2025-04-28 17:23:58,607 - INFO - ================================== Ai Message ==================================
Name: graph_expert

El histograma ha sido generado correctamente a partir de la columna 1 del archivo data.csv.
2025-04-28 17:23:58,607 - INFO - ================================== Ai Message ==================================
Name: graph_expert

Transferring back to supervisor
Tool Calls:
  transfer_back_to_supervisor (7d9f4cf9-34ee-4a4f-8627-aed78218e2de)
 Call ID: 7d9f4cf9-34ee-4a4f-8627-aed78218e2de
  Args:
2025-04-28 17:23:58,608 - INFO - ================================= Tool Message =================================
Name: transfer_back_to_supervisor

Successfully transferred back to supervisor
2025-04-28 17:23:58,608 - INFO - ================================== Ai Message ==================================
Name: supervisor

</think>

El histograma ha sido generado correctamente a partir de la columna 1 del archivo data.csv.
2025-04-28 17:23:58,608 - INFO - --- Ragas Trace Conversion Successful ---
2025-04-28 17:23:58,609 - INFO - --- Calculating tool score for TC 4 (Graficador): Delegate Histogram Query ---
2025-04-28 17:23:58,609 - INFO - --- Using TRUNCATED Ragas Trace for Supervisor ToolCallAccuracy ---
2025-04-28 17:23:58,609 - INFO - tool: 0.0000
2025-04-28 17:23:58,609 - INFO - --- End of TC 4 (Graficador): Delegate Histogram Query ---
