2025-04-28 17:26:30,087 - INFO - --- Running TC 9 (RAG): Delegate PIB Cobre 2023 Query (Log file: logs\supervisor\MFDoom_deepseek-r1-tool-calling_14b\supervisor_tc_8.log) ---
2025-04-28 17:26:30,087 - INFO - User Query: ¿Cuál fue el porcentaje del PIB nacional correspondiente al cobre en el año 2023?
2025-04-28 17:26:30,088 - INFO - Reference: The goal is to assign the task to the RAG expert.
2025-04-28 17:26:30,088 - INFO - Expected Tool Calls: ['assign_to_rag_expert({})']
2025-04-28 17:26:30,088 - INFO - Running test with conversation ID: test-run-fd014220-620e-4073-a0af-652ca367c429
2025-04-28 17:26:59,777 - INFO - --- Workflow Output Messages ---
2025-04-28 17:26:59,777 - INFO - ================================ Human Message =================================

¿Cuál fue el porcentaje del PIB nacional correspondiente al cobre en el año 2023?
2025-04-28 17:26:59,778 - INFO - ================================== Ai Message ==================================
Name: supervisor
Tool Calls:
  assign_to_rag_expert (2ca11291-f915-4283-b3c4-60e98bb6ecd8)
 Call ID: 2ca11291-f915-4283-b3c4-60e98bb6ecd8
  Args:
2025-04-28 17:26:59,778 - INFO - ================================= Tool Message =================================
Name: assign_to_rag_expert

Successfully transferred to rag_expert
2025-04-28 17:26:59,778 - INFO - ================================== Ai Message ==================================
Name: rag_expert

Lo siento, no tengo la información específica sobre el porcentaje del PIB nacional correspondiente al cobre para el año 2023 en mis documentos. Necesitaría acceder a datos económicos recientes para proporcionar esa cifra exacta. Te recomendaría consultar las estadísticas oficiales del gobierno o instituciones financieras que publican este tipo de información detallada sobre la economía nacional.
2025-04-28 17:26:59,778 - INFO - ================================== Ai Message ==================================
Name: rag_expert

Transferring back to supervisor
Tool Calls:
  transfer_back_to_supervisor (e4fd3992-f281-4be3-8074-8360e36e58a6)
 Call ID: e4fd3992-f281-4be3-8074-8360e36e58a6
  Args:
2025-04-28 17:26:59,779 - INFO - ================================= Tool Message =================================
Name: transfer_back_to_supervisor

Successfully transferred back to supervisor
2025-04-28 17:26:59,779 - INFO - ================================== Ai Message ==================================
Name: supervisor

</think>

Entiendo que el RAG expert no pudo proporcionar la información requerida. Sin embargo, si estás buscando datos específicos sobre el PIB nacional y su relación con el cobre en 2023, te recomendaría consultar fuentes oficiales como el Instituto Nacional de Estadística (INE) o el Banco Central del Ecuador. Estas instituciones publican informes detallados que podrían contener la información que estás buscando.
2025-04-28 17:26:59,780 - INFO - --- Ragas Trace Conversion Successful ---
2025-04-28 17:26:59,780 - INFO - --- Calculating tool score for TC 9 (RAG): Delegate PIB Cobre 2023 Query ---
2025-04-28 17:26:59,780 - INFO - --- Using TRUNCATED Ragas Trace for Supervisor ToolCallAccuracy ---
2025-04-28 17:26:59,780 - INFO - tool: 1.0000
2025-04-28 17:26:59,780 - INFO - --- End of TC 9 (RAG): Delegate PIB Cobre 2023 Query ---
