2025-04-28 17:25:23,737 - INFO - --- Running TC 7 (RAG): Delegate Inversión Proyecto Query (Log file: logs\supervisor\MFDoom_deepseek-r1-tool-calling_14b\supervisor_tc_6.log) ---
2025-04-28 17:25:23,737 - INFO - User Query: ¿Cuál es la inversión que contempló el proyecto de la mina Ministro Hales?
2025-04-28 17:25:23,738 - INFO - Reference: The goal is to assign the task to the RAG expert.
2025-04-28 17:25:23,738 - INFO - Expected Tool Calls: ['assign_to_rag_expert({})']
2025-04-28 17:25:23,738 - INFO - Running test with conversation ID: test-run-58dca2ce-a032-47a7-bfc7-b5bb39216bef
2025-04-28 17:26:02,590 - INFO - --- Workflow Output Messages ---
2025-04-28 17:26:02,591 - INFO - ================================ Human Message =================================

¿Cuál es la inversión que contempló el proyecto de la mina Ministro Hales?
2025-04-28 17:26:02,591 - INFO - ================================== Ai Message ==================================
Name: supervisor
Tool Calls:
  assign_to_rag_expert (6d0fea33-de1d-4b18-921c-f7b990224388)
 Call ID: 6d0fea33-de1d-4b18-921c-f7b990224388
  Args:
2025-04-28 17:26:02,591 - INFO - ================================= Tool Message =================================
Name: assign_to_rag_expert

Successfully transferred to rag_expert
2025-04-28 17:26:02,592 - INFO - ================================== Ai Message ==================================
Name: rag_expert
Tool Calls:
  retrieve_context (344a94f4-8dca-4d97-9c64-7a0c3ee20d9e)
 Call ID: 344a94f4-8dca-4d97-9c64-7a0c3ee20d9e
  Args:
    k: 3
    query: inversión proyecto mina Ministro Hales
2025-04-28 17:26:02,595 - INFO - ================================== Ai Message ==================================
Name: rag_expert

El proyecto de la mina Ministro Hales contempló una inversión total estimada de más de US$ 3.000 millones. Este yacimiento, conocido anteriormente como "Mansa Mina", está ubicado en Calama, Región de Antofagasta, a unos 5 km del lugar. La inversión fue parte del plan de expansión de Codelco que comenzó en el año 2010.
2025-04-28 17:26:02,596 - INFO - ================================== Ai Message ==================================
Name: rag_expert

Transferring back to supervisor
Tool Calls:
  transfer_back_to_supervisor (ffab84bd-6576-47a8-91e7-1a7ad2f14be7)
 Call ID: ffab84bd-6576-47a8-91e7-1a7ad2f14be7
  Args:
2025-04-28 17:26:02,596 - INFO - ================================= Tool Message =================================
Name: transfer_back_to_supervisor

Successfully transferred back to supervisor
2025-04-28 17:26:02,596 - INFO - ================================== Ai Message ==================================
Name: supervisor

</think>

El proyecto de la mina Ministro Hales contempló una inversión total estimada de más de US$ 3.000 millones. Ubicado en Calama, Región de Antofagasta, a 5 km del centro, el yacimiento fue parte del plan de expansión de Codelco desde el año 2010.
2025-04-28 17:26:02,597 - INFO - --- Ragas Trace Conversion Successful ---
2025-04-28 17:26:02,597 - INFO - --- Calculating tool score for TC 7 (RAG): Delegate Inversión Proyecto Query ---
2025-04-28 17:26:02,597 - INFO - --- Using TRUNCATED Ragas Trace for Supervisor ToolCallAccuracy ---
2025-04-28 17:26:02,597 - INFO - tool: 1.0000
2025-04-28 17:26:02,598 - INFO - --- End of TC 7 (RAG): Delegate Inversión Proyecto Query ---
