2025-04-28 17:26:59,781 - INFO - --- Running TC 10 (RAG): Delegate Reserva Plata 2016 Query (Log file: logs\supervisor\MFDoom_deepseek-r1-tool-calling_14b\supervisor_tc_9.log) ---
2025-04-28 17:26:59,781 - INFO - User Query: ¿Cuál fue la reserva de plata en el Anuario de la Minería de Chile del 2016?
2025-04-28 17:26:59,782 - INFO - Reference: The goal is to assign the task to the RAG expert.
2025-04-28 17:26:59,782 - INFO - Expected Tool Calls: ['assign_to_rag_expert({})']
2025-04-28 17:26:59,782 - INFO - Running test with conversation ID: test-run-0adfc557-36a3-4c93-b698-f1bc89727773
2025-04-28 17:27:29,400 - INFO - --- Workflow Output Messages ---
2025-04-28 17:27:29,400 - INFO - ================================ Human Message =================================

¿Cuál fue la reserva de plata en el Anuario de la Minería de Chile del 2016?
2025-04-28 17:27:29,400 - INFO - ================================== Ai Message ==================================
Name: supervisor
Tool Calls:
  assign_to_rag_expert (c8107df9-b66d-4b83-ad83-acbc66841e26)
 Call ID: c8107df9-b66d-4b83-ad83-acbc66841e26
  Args:
2025-04-28 17:27:29,401 - INFO - ================================= Tool Message =================================
Name: assign_to_rag_expert

Successfully transferred to rag_expert
2025-04-28 17:27:29,401 - INFO - ================================== Ai Message ==================================
Name: rag_expert
Tool Calls:
  retrieve_context (44278491-a8a9-4c73-9b13-54c9751ec67a)
 Call ID: 44278491-a8a9-4c73-9b13-54c9751ec67a
  Args:
    k: 3
    query: reserva de plata en el Anuario de la Minería de Chile del 2016
2025-04-28 17:27:29,401 - INFO - ================================= Tool Message =================================
Name: retrieve_context

Retrieved context:\nOro (t) 997,7 1186 
Plata (t) 25.542 10.271 
Hierro (Mt) - 539,4 
Nitratos (Mt) 85,6 - 
Yodo (miles t) 614,1 - 
 
Fuente: Anuario de la Minería de Chile 2016. 
 
 
3 A pesar de existir un Anuario de la Minería en Chile 2022, los datos más actualizados sobre reservas y recursos mineros se encuentran 
en el de 2016.\n---\nmedida por la pequeña y mediana minería.  
A continuación, se muestra una tabla relativa a las reservas y recursos disponibles en Chile, tanto de 
carácter metálico como no metálico, de acuerdo con el Anuario de la Minería de Chile del 20163. 
RECURSOS Y RESERVAS DE LOS PRINCIPALES MINERALES EN CHILE 
Millones de toneladas (Mt) o toneladas (t) 
Mineral Reserva  Recurso 
Cobre (Mt) 167,2 288,5 
Molibdeno (Mt) 1,4 2,1 
Oro (t) 997,7 1186 
Plata (t) 25.542 10.271 
Hierro (Mt) - 539,4 
Nitratos (Mt) 85,6 -\n---\n16 
 
Principales yacimientos de la minería metálica en Chile y su ubicación por regiones:
2025-04-28 17:27:29,402 - INFO - ================================== Ai Message ==================================
Name: rag_expert

Según el Anuario de la Minería de Chile del 2016, la reserva de plata es de **25.542 toneladas**.
2025-04-28 17:27:29,403 - INFO - ================================== Ai Message ==================================
Name: rag_expert

Transferring back to supervisor
Tool Calls:
  transfer_back_to_supervisor (023a6917-c0a2-488d-b200-d1c11ffaec4a)
 Call ID: 023a6917-c0a2-488d-b200-d1c11ffaec4a
  Args:
2025-04-28 17:27:29,403 - INFO - ================================= Tool Message =================================
Name: transfer_back_to_supervisor

Successfully transferred back to supervisor
2025-04-28 17:27:29,403 - INFO - ================================== Ai Message ==================================
Name: supervisor

</think>

Según el Anuario de la Minería de Chile del 2016, la reserva de plata es de **25.542 toneladas**.
2025-04-28 17:27:29,404 - INFO - --- Ragas Trace Conversion Successful ---
2025-04-28 17:27:29,404 - INFO - --- Calculating tool score for TC 10 (RAG): Delegate Reserva Plata 2016 Query ---
2025-04-28 17:27:29,404 - INFO - --- Using TRUNCATED Ragas Trace for Supervisor ToolCallAccuracy ---
2025-04-28 17:27:29,404 - INFO - tool: 1.0000
2025-04-28 17:27:29,404 - INFO - --- End of TC 10 (RAG): Delegate Reserva Plata 2016 Query ---
