2025-04-28 17:24:27,078 - INFO - --- Running TC 6 (RAG): Delegate Áreas Montaje Query (Log file: logs\supervisor\MFDoom_deepseek-r1-tool-calling_14b\supervisor_tc_5.log) ---
2025-04-28 17:24:27,078 - INFO - User Query: ¿Cuáles son las áreas de montaje industrial del proyecto de la mina Ministro Hales? Menciónalas
2025-04-28 17:24:27,078 - INFO - Reference: The goal is to assign the task to the RAG expert.
2025-04-28 17:24:27,078 - INFO - Expected Tool Calls: ['assign_to_rag_expert({})']
2025-04-28 17:24:27,078 - INFO - Running test with conversation ID: test-run-6dfe5453-244d-4093-8132-8f9329595616
2025-04-28 17:25:23,731 - INFO - --- Workflow Output Messages ---
2025-04-28 17:25:23,731 - INFO - ================================ Human Message =================================

¿Cuáles son las áreas de montaje industrial del proyecto de la mina Ministro Hales? Menciónalas
2025-04-28 17:25:23,731 - INFO - ================================== Ai Message ==================================
Name: supervisor
Tool Calls:
  assign_to_rag_expert (a9c63e0f-785c-4e85-a490-48c0d741e6cf)
 Call ID: a9c63e0f-785c-4e85-a490-48c0d741e6cf
  Args:
2025-04-28 17:25:23,732 - INFO - ================================= Tool Message =================================
Name: assign_to_rag_expert

Successfully transferred to rag_expert
2025-04-28 17:25:23,732 - INFO - ================================== Ai Message ==================================
Name: rag_expert
Tool Calls:
  retrieve_context (4fb0ff7a-118b-4c9b-9701-dd60883be7bf)
 Call ID: 4fb0ff7a-118b-4c9b-9701-dd60883be7bf
  Args:
    k: 3
    query: áreas de montaje industrial del proyecto mina Ministro Hales
2025-04-28 17:25:23,732 - INFO - ================================= Tool Message =================================
Name: retrieve_context

Retrieved context:\nrajo abierto de 
Ministro Hales, a 
10 km al norte de 
la localidad de 
Calama en la región 
de Antofagasta. 
Construcción de la planta stockpile del proyecto 
Ministro Hales.\n---\nde relaves y concentrados de la mina, se dividió en tres 
áreas principales, las cuales consideran todos los trabajos 
de obras civiles, montaje de estructuras, cañerías, mecáni-
ca, eléctricos y de instrumentación para su completo fun-
cionamiento”. el proceso se dividió así:
El área 3000 que es precisamente el sector de espe-
samiento de relaves y concentrados, contempló el mon-
taje de cuatro espesadores, dos de relaves de 100 m de 
diámetro y dos de concentrado de 50 m de diámetro. a\n---\n42  construcción minera nº 3  •  noviembre 2013
proyEcto
la división ministro Hales se emplaza en la región de an-
tofagasta, a 5 km de calama, y su concepción se remonta 
al 2010 cuando codelco decide expandir el número de 
sus divisiones. para fraguar esta tarea, la cuprífera manda-
tó a su vicepresidencia de proyectos (vp), quien se en-
cargó de crear y operar las instalaciones.
ministro Hales contempla la explotación de sulfuros de 
cobre “con reservas económicamente explotables de 289
2025-04-28 17:25:23,733 - INFO - ================================== Ai Message ==================================
Name: rag_expert

Las áreas de montaje industrial del proyecto de la mina Ministro Hales incluyen:

- **Área 3000**: Este sector se centra en el espesamiento de relaves y concentrados, donde se llevó a cabo el montaje de cuatro espesadores: dos para relaves con un diámetro de 100 metros y dos para concentrado con un diámetro de 50 metros.

No se mencionan otras áreas específicas en la información proporcionada.
2025-04-28 17:25:23,734 - INFO - ================================== Ai Message ==================================
Name: rag_expert

Transferring back to supervisor
Tool Calls:
  transfer_back_to_supervisor (e3e75998-3790-484f-ae5f-a1590addc3ec)
 Call ID: e3e75998-3790-484f-ae5f-a1590addc3ec
  Args:
2025-04-28 17:25:23,734 - INFO - ================================= Tool Message =================================
Name: transfer_back_to_supervisor

Successfully transferred back to supervisor
2025-04-28 17:25:23,735 - INFO - ================================== Ai Message ==================================
Name: supervisor

</think>

El proyecto de la mina Ministro Hales, ubicado a 10 km al norte de Calama en la región de Antofagasta, incluye varias áreas clave relacionadas con el montaje industrial. Entre ellas se encuentran:

- **Área 3000**: Este sector está dedicado al espesamiento de relaves y concentrados. Aquí se realizaron trabajos de montaje de cuatro espesadores: dos para relaves con un diámetro de 100 metros y dos para concentrado con un diámetro de 50 metros.

Además, el proyecto contempla la construcción de la planta stockpile y la división en tres áreas principales que abarcan todos los trabajos de obras civiles, montaje de estructuras, cañerías, mecánica, eléctricos e instrumentación necesarios para su funcionamiento completo.

Si necesita más detalles o información específica sobre otras áreas del proyecto, no dude en consultarlo.
2025-04-28 17:25:23,736 - INFO - --- Ragas Trace Conversion Successful ---
2025-04-28 17:25:23,736 - INFO - --- Calculating tool score for TC 6 (RAG): Delegate Áreas Montaje Query ---
2025-04-28 17:25:23,736 - INFO - --- Using TRUNCATED Ragas Trace for Supervisor ToolCallAccuracy ---
2025-04-28 17:25:23,736 - INFO - tool: 1.0000
2025-04-28 17:25:23,736 - INFO - --- End of TC 6 (RAG): Delegate Áreas Montaje Query ---
