2025-04-28 17:27:29,405 - INFO - --- Running TC 11 (RAG): Delegate Componentes Retroexcavadora Query (Log file: logs\supervisor\MFDoom_deepseek-r1-tool-calling_14b\supervisor_tc_10.log) ---
2025-04-28 17:27:29,405 - INFO - User Query: ¿Puedes entregarme los componentes externos de una retroexcavadora?
2025-04-28 17:27:29,406 - INFO - Reference: The goal is to assign the task to the RAG expert.
2025-04-28 17:27:29,406 - INFO - Expected Tool Calls: ['assign_to_rag_expert({})']
2025-04-28 17:27:29,406 - INFO - Running test with conversation ID: test-run-4355be27-8b0e-4d4a-a34d-de4d5967e284
2025-04-28 17:27:53,075 - INFO - --- Workflow Output Messages ---
2025-04-28 17:27:53,075 - INFO - ================================ Human Message =================================

¿Puedes entregarme los componentes externos de una retroexcavadora?
2025-04-28 17:27:53,076 - INFO - ================================== Ai Message ==================================
Name: supervisor
Tool Calls:
  assign_to_rag_expert (9f092712-644d-42b0-ae9f-1b289556ca47)
 Call ID: 9f092712-644d-42b0-ae9f-1b289556ca47
  Args:
2025-04-28 17:27:53,076 - INFO - ================================= Tool Message =================================
Name: assign_to_rag_expert

Successfully transferred to rag_expert
2025-04-28 17:27:53,076 - INFO - ================================== Ai Message ==================================
Name: rag_expert

Lo siento, parece que no tengo información específica sobre los componentes externos de una retroexcavadora en mis documentos actuales. ¿Podría proporcionar más detalles o especificar qué tipo de retroexcavadora está interesado para buscar la información correcta? Si tiene un modelo específico en mente, podría ser útil para encontrar la información precisa que necesita.
2025-04-28 17:27:53,076 - INFO - ================================== Ai Message ==================================
Name: rag_expert

Transferring back to supervisor
Tool Calls:
  transfer_back_to_supervisor (43b697dc-e230-44a1-bf92-8c94986a4e64)
 Call ID: 43b697dc-e230-44a1-bf92-8c94986a4e64
  Args:
2025-04-28 17:27:53,077 - INFO - ================================= Tool Message =================================
Name: transfer_back_to_supervisor

Successfully transferred back to supervisor
2025-04-28 17:27:53,077 - INFO - ================================== Ai Message ==================================
Name: supervisor

</think>

Entiendo que el RAG expert no pudo encontrar la información sobre los componentes externos de una retroexcavadora en los documentos disponibles. Si necesita más ayuda, podría intentar buscar en fuentes externas o contactar con un especialista en maquinaria pesada para obtener esa información.
2025-04-28 17:27:53,077 - INFO - --- Ragas Trace Conversion Successful ---
2025-04-28 17:27:53,077 - INFO - --- Calculating tool score for TC 11 (RAG): Delegate Componentes Retroexcavadora Query ---
2025-04-28 17:27:53,078 - INFO - --- Using TRUNCATED Ragas Trace for Supervisor ToolCallAccuracy ---
2025-04-28 17:27:53,078 - INFO - tool: 1.0000
2025-04-28 17:27:53,078 - INFO - --- End of TC 11 (RAG): Delegate Componentes Retroexcavadora Query ---
