2025-04-28 16:28:50,800 - INFO - --- Running Test Case 1: Plan de Humectación (Log file: logs\recuperador\MFDoom_deepseek-r1-tool-calling_14b\recuperador_tc_0.log) ---
2025-04-28 16:28:50,800 - INFO - User Query: Puedes entregarme el archivo pdf que hable sobre el plan de humectación
2025-04-28 16:28:50,800 - INFO - Reference: El documento que estás buscando es src\data\Mina_Ministro_Hales.pdf
2025-04-28 16:28:50,800 - INFO - Expected Tool Calls: ['assign_to_retriever_expert({})', "retrieve_file({'query': 'plan de humectación'})", 'transfer_back_to_supervisor({})']
2025-04-28 16:28:50,800 - INFO - Running test with conversation ID: test-run-cd7a9468-94a4-401f-8894-0adf79c4ffdc
2025-04-28 16:29:05,005 - INFO - --- Workflow Output Messages ---
2025-04-28 16:29:05,005 - INFO - ================================ Human Message =================================

Puedes entregarme el archivo pdf que hable sobre el plan de humectación
2025-04-28 16:29:05,005 - INFO - ================================== Ai Message ==================================
Name: supervisor
Tool Calls:
  assign_to_retriever_expert (fea3e8ce-8a3f-47a1-9680-3712c959a60f)
 Call ID: fea3e8ce-8a3f-47a1-9680-3712c959a60f
  Args:
2025-04-28 16:29:05,006 - INFO - ================================= Tool Message =================================
Name: assign_to_retriever_expert

Successfully transferred to retriever_expert
2025-04-28 16:29:05,006 - INFO - ================================== Ai Message ==================================
Name: retriever_expert

</think>

src/data/32050-2.pdf
2025-04-28 16:29:05,006 - INFO - ================================== Ai Message ==================================
Name: retriever_expert

Transferring back to supervisor
Tool Calls:
  transfer_back_to_supervisor (4d389da7-1366-4448-8a99-416237c406a8)
 Call ID: 4d389da7-1366-4448-8a99-416237c406a8
  Args:
2025-04-28 16:29:05,007 - INFO - ================================= Tool Message =================================
Name: transfer_back_to_supervisor

Successfully transferred back to supervisor
2025-04-28 16:29:05,007 - INFO - ================================== Ai Message ==================================
Name: supervisor

El documento que estás buscando es src/data/32050-2.pdf.
2025-04-28 16:29:05,007 - INFO - --- Ragas Trace Conversion Successful ---
2025-04-28 16:29:05,007 - INFO - --- Calculating goal score for Test Case 1: Plan de Humectación ---
2025-04-28 16:29:13,668 - INFO - goal: 0.0000
2025-04-28 16:29:13,669 - INFO - --- Calculating tool score for Test Case 1: Plan de Humectación ---
2025-04-28 16:29:13,669 - INFO - tool: 0.0000
2025-04-28 16:29:13,669 - INFO - --- End of Test Case 1: Plan de Humectación ---
