2025-05-02 17:03:13,471 - INFO - --- Running TC 8 (RAG): Delegate Mineral Importante Query (Log file: logs\supervisor\hf.co_jedisct1_MiMo-7B-RL-GGUF_Q4_K_M\supervisor_tc_7.log) ---
2025-05-02 17:03:13,471 - INFO - User Query: ¿Cuál es el mineral más importante en la producción minera de Chile?
2025-05-02 17:03:13,471 - INFO - Reference: The goal is to assign the task to the RAG expert.
2025-05-02 17:03:13,471 - INFO - Expected Tool Calls: ['assign_to_rag_expert({})']
2025-05-02 17:03:13,471 - INFO - Running test with conversation ID: test-run-50dcacee-c7fc-4a60-b329-f5b9ba5604bb
2025-05-02 17:05:51,074 - INFO - --- Workflow Output Messages ---
2025-05-02 17:05:51,075 - INFO - ================================ Human Message =================================

¿Cuál es el mineral más importante en la producción minera de Chile?
2025-05-02 17:05:51,075 - INFO - ================================== Ai Message ==================================
Name: supervisor
Tool Calls:
  assign_to_rag_expert (4feb8cb6-addc-43f2-9f9f-22df0698e5da)
 Call ID: 4feb8cb6-addc-43f2-9f9f-22df0698e5da
  Args:
2025-05-02 17:05:51,075 - INFO - ================================= Tool Message =================================
Name: assign_to_rag_expert

Successfully transferred to rag_expert
2025-05-02 17:05:51,076 - INFO - ================================== Ai Message ==================================
Name: rag_expert
Tool Calls:
  retrieve_context (fd4d8a46-5952-466d-b079-536eda771e2e)
 Call ID: fd4d8a46-5952-466d-b079-536eda771e2e
  Args:
    k: 3
    query: mineral más importante en la producción minera de Chile
2025-05-02 17:05:51,076 - INFO - ================================= Tool Message =================================
Name: retrieve_context

Retrieved context:\nOD
 
 
10 Oficina Económica y Comercial de la 
Embajada de España en Santiago de Chile 
EL SECTOR DE LA MINERÍA EN CHILE 2024 
De entre estos destaca principalmente la producción de los dos primeros. Además, Chile cuenta con 
una mineralización de diferentes magnitudes y relevancia de cobalto, tungsteno, titanio, cromo, 
uranio y mercurio aún por explotar.  
• Minería no metálica  
 
Dentro de este grupo, también denominado Rocas y Minerales Industriales (en adelante RMI), está\n---\nde la producción mundial), siendo éste el producto de exportación más importante de su economía. 
El boom también llevó un fuerte componente de exploración minera, aumentando  las reservas 
conocidas de mineral a 150 millones de toneladas el 2010. Eso representa el 24% de las reservas de 
este mineral en el mundo.  Al 2010 Chile era el origen del 38,2% del  cobre que se exportaba en el 
mundo.\n---\nChile, así como su evolución en los últimos años.  
En el año 2023, el sector de la minería representó una participación del 11,9 % sobre el PIB nacional, 
del cual el 73,1 % correspondió al cobre (8,7 % sobre el PIB de 2023) y el 26,9 % a otras actividades 
mineras (3,2 %)1. Chile es el mayor productor y exportador de este mineral, alcanzando en torno al 
24 % de su producción mundial anual2. Además, es uno de los principales productores de otros varios 
minerales. 
2.2. Patrimonio minero y producción
2025-05-02 17:05:51,077 - INFO - ================================== Ai Message ==================================
Name: rag_expert

El mineral más importante en la producción minera de Chile es el cobre. En 2010, Chile era el origen del 38,2% del cobre que se exportaba a nivel mundial y actualmente representa aproximadamente el 24% de la producción mundial anual de este mineral. Además, en 2023, el sector minero representó un 11,9% sobre el PIB nacional, siendo el 73,1% correspondiente al cobre.
2025-05-02 17:05:51,077 - INFO - ================================== Ai Message ==================================
Name: rag_expert

Transferring back to supervisor
Tool Calls:
  transfer_back_to_supervisor (bad2b770-2ba0-4d11-9eab-21f54eb77678)
 Call ID: bad2b770-2ba0-4d11-9eab-21f54eb77678
  Args:
2025-05-02 17:05:51,077 - INFO - ================================= Tool Message =================================
Name: transfer_back_to_supervisor

Successfully transferred back to supervisor
2025-05-02 17:05:51,078 - INFO - ================================== Ai Message ==================================
Name: supervisor
Tool Calls:
  assign_to_rag_expert (2c49d2b7-00e9-47fd-b9fd-4dfd8a25f8a1)
 Call ID: 2c49d2b7-00e9-47fd-b9fd-4dfd8a25f8a1
  Args:
2025-05-02 17:05:51,078 - INFO - ================================= Tool Message =================================
Name: assign_to_rag_expert

Successfully transferred to rag_expert
2025-05-02 17:05:51,078 - INFO - ================================== Ai Message ==================================
Name: rag_expert
Tool Calls:
  retrieve_context (6ceda5af-9ea0-466c-9b9f-db0b82648cef)
 Call ID: 6ceda5af-9ea0-466c-9b9f-db0b82648cef
  Args:
    k: 3
    query: mineral más importante en la producción minera de Chile
2025-05-02 17:05:51,078 - INFO - ================================= Tool Message =================================
Name: retrieve_context

Retrieved context:\nOD
 
 
10 Oficina Económica y Comercial de la 
Embajada de España en Santiago de Chile 
EL SECTOR DE LA MINERÍA EN CHILE 2024 
De entre estos destaca principalmente la producción de los dos primeros. Además, Chile cuenta con 
una mineralización de diferentes magnitudes y relevancia de cobalto, tungsteno, titanio, cromo, 
uranio y mercurio aún por explotar.  
• Minería no metálica  
 
Dentro de este grupo, también denominado Rocas y Minerales Industriales (en adelante RMI), está\n---\nde la producción mundial), siendo éste el producto de exportación más importante de su economía. 
El boom también llevó un fuerte componente de exploración minera, aumentando  las reservas 
conocidas de mineral a 150 millones de toneladas el 2010. Eso representa el 24% de las reservas de 
este mineral en el mundo.  Al 2010 Chile era el origen del 38,2% del  cobre que se exportaba en el 
mundo.\n---\nChile, así como su evolución en los últimos años.  
En el año 2023, el sector de la minería representó una participación del 11,9 % sobre el PIB nacional, 
del cual el 73,1 % correspondió al cobre (8,7 % sobre el PIB de 2023) y el 26,9 % a otras actividades 
mineras (3,2 %)1. Chile es el mayor productor y exportador de este mineral, alcanzando en torno al 
24 % de su producción mundial anual2. Además, es uno de los principales productores de otros varios 
minerales. 
2.2. Patrimonio minero y producción
2025-05-02 17:05:51,079 - INFO - ================================== Ai Message ==================================
Name: rag_expert

El mineral más importante en la producción minera de Chile es el cobre. En 2010, Chile era el origen del 38,2% del cobre que se exportaba a nivel mundial y actualmente representa aproximadamente el 24% de la producción mundial anual de este mineral. Además, en 2023, el cobre contribuyó con un 73,1% de la participación minera en el PIB nacional chileno.
2025-05-02 17:05:51,079 - INFO - ================================== Ai Message ==================================
Name: rag_expert

Transferring back to supervisor
Tool Calls:
  transfer_back_to_supervisor (8e8b8e55-5ffb-43d4-9bd2-52d45d22c5e7)
 Call ID: 8e8b8e55-5ffb-43d4-9bd2-52d45d22c5e7
  Args:
2025-05-02 17:05:51,080 - INFO - ================================= Tool Message =================================
Name: transfer_back_to_supervisor

Successfully transferred back to supervisor
2025-05-02 17:05:51,080 - INFO - ================================== Ai Message ==================================
Name: supervisor
Tool Calls:
  assign_to_rag_expert (b00c3ea2-a1cc-4ca8-a535-3615b6bc0341)
 Call ID: b00c3ea2-a1cc-4ca8-a535-3615b6bc0341
  Args:
2025-05-02 17:05:51,080 - INFO - ================================= Tool Message =================================
Name: assign_to_rag_expert

Successfully transferred to rag_expert
2025-05-02 17:05:51,080 - INFO - ================================== Ai Message ==================================
Name: rag_expert
Tool Calls:
  retrieve_context (2ee28b14-a8ec-4cd8-b95f-ba85ecf00b35)
 Call ID: 2ee28b14-a8ec-4cd8-b95f-ba85ecf00b35
  Args:
    k: 3
    query: mineral más importante en la producción minera de Chile
2025-05-02 17:05:51,081 - INFO - ================================= Tool Message =================================
Name: retrieve_context

Retrieved context:\nOD
 
 
10 Oficina Económica y Comercial de la 
Embajada de España en Santiago de Chile 
EL SECTOR DE LA MINERÍA EN CHILE 2024 
De entre estos destaca principalmente la producción de los dos primeros. Además, Chile cuenta con 
una mineralización de diferentes magnitudes y relevancia de cobalto, tungsteno, titanio, cromo, 
uranio y mercurio aún por explotar.  
• Minería no metálica  
 
Dentro de este grupo, también denominado Rocas y Minerales Industriales (en adelante RMI), está\n---\nde la producción mundial), siendo éste el producto de exportación más importante de su economía. 
El boom también llevó un fuerte componente de exploración minera, aumentando  las reservas 
conocidas de mineral a 150 millones de toneladas el 2010. Eso representa el 24% de las reservas de 
este mineral en el mundo.  Al 2010 Chile era el origen del 38,2% del  cobre que se exportaba en el 
mundo.\n---\nChile, así como su evolución en los últimos años.  
En el año 2023, el sector de la minería representó una participación del 11,9 % sobre el PIB nacional, 
del cual el 73,1 % correspondió al cobre (8,7 % sobre el PIB de 2023) y el 26,9 % a otras actividades 
mineras (3,2 %)1. Chile es el mayor productor y exportador de este mineral, alcanzando en torno al 
24 % de su producción mundial anual2. Además, es uno de los principales productores de otros varios 
minerales. 
2.2. Patrimonio minero y producción
2025-05-02 17:05:51,082 - INFO - ================================== Ai Message ==================================
Name: rag_expert

El mineral más importante en la producción minera de Chile es el cobre. En 2010, Chile era el origen del 38,2% del cobre que se exportaba a nivel mundial y actualmente representa aproximadamente el 24% de la producción mundial anual de este mineral. Además, en 2023, el sector minero representó un 11,9% sobre el PIB nacional, siendo el 73,1% correspondiente al cobre.
2025-05-02 17:05:51,082 - INFO - ================================== Ai Message ==================================
Name: rag_expert

Transferring back to supervisor
Tool Calls:
  transfer_back_to_supervisor (cbb29e80-315e-4afb-bc47-1edaedc371af)
 Call ID: cbb29e80-315e-4afb-bc47-1edaedc371af
  Args:
2025-05-02 17:05:51,082 - INFO - ================================= Tool Message =================================
Name: transfer_back_to_supervisor

Successfully transferred back to supervisor
2025-05-02 17:05:51,082 - INFO - ================================== Ai Message ==================================
Name: supervisor
Tool Calls:
  assign_to_rag_expert (15511e9b-beb8-478c-a4f3-eb0970ff1804)
 Call ID: 15511e9b-beb8-478c-a4f3-eb0970ff1804
  Args:
2025-05-02 17:05:51,083 - INFO - ================================= Tool Message =================================
Name: assign_to_rag_expert

Successfully transferred to rag_expert
2025-05-02 17:05:51,083 - INFO - ================================== Ai Message ==================================
Name: rag_expert

El mineral más importante en la producción minera de Chile es el cobre. Según los datos proporcionados:

- En 2010, Chile era el origen del 38,2% del cobre que se exportaba a nivel mundial.
- Actualmente, Chile representa aproximadamente el 24% de la producción mundial anual de este mineral.
- En 2023, el sector minero representó un 11,9% sobre el PIB nacional chileno, siendo el 73,1% correspondiente al cobre.

Estos datos indican que Chile es el mayor productor y exportador mundial de cobre.
2025-05-02 17:05:51,083 - INFO - ================================== Ai Message ==================================
Name: rag_expert

Transferring back to supervisor
Tool Calls:
  transfer_back_to_supervisor (0832546b-115f-4dcb-9b66-94d79a13ff86)
 Call ID: 0832546b-115f-4dcb-9b66-94d79a13ff86
  Args:
2025-05-02 17:05:51,083 - INFO - ================================= Tool Message =================================
Name: transfer_back_to_supervisor

Successfully transferred back to supervisor
2025-05-02 17:05:51,084 - INFO - ================================== Ai Message ==================================
Name: supervisor
Tool Calls:
  assign_to_rag_expert (262a9421-315a-402b-a1b3-7b5edbb593b5)
 Call ID: 262a9421-315a-402b-a1b3-7b5edbb593b5
  Args:
2025-05-02 17:05:51,084 - INFO - ================================= Tool Message =================================
Name: assign_to_rag_expert

Successfully transferred to rag_expert
2025-05-02 17:05:51,084 - INFO - ================================== Ai Message ==================================
Name: rag_expert

El mineral más importante en la producción minera de Chile es el cobre. Según los datos proporcionados:

- En 2010, Chile era el origen del 38,2% del cobre que se exportaba a nivel mundial.
- Actualmente, Chile representa aproximadamente el 24% de la producción mundial anual de este mineral.
- En 2023, el sector minero representó un 11,9% sobre el PIB nacional chileno, siendo el 73,1% correspondiente al cobre.

Estos datos indican que Chile es el mayor productor y exportador mundial de cobre.
2025-05-02 17:05:51,084 - INFO - ================================== Ai Message ==================================
Name: rag_expert

Transferring back to supervisor
Tool Calls:
  transfer_back_to_supervisor (817456bc-78ed-45eb-9e9e-b64c9700d79f)
 Call ID: 817456bc-78ed-45eb-9e9e-b64c9700d79f
  Args:
2025-05-02 17:05:51,085 - INFO - ================================= Tool Message =================================
Name: transfer_back_to_supervisor

Successfully transferred back to supervisor
2025-05-02 17:05:51,085 - INFO - ================================== Ai Message ==================================
Name: supervisor

{"context": "El mineral más importante en la producción minera de Chile es el cobre. según los datos proporcionados:\n- En 2010, Chile era el origen del 38,2% del cobre que se exportaba a nivel mundial.\n- Actualmente, Chile representa aproximadamente el 24% de la producción mundial anual de este mineral.\n- En 2023, el sector minero representó un 11,9% sobre el PIB nacional chileno, siendo el 73,1% correspondiente al cobre.\nEstos datos indican que Chile es el mayor productor y exportador mundial de cobre.", "answer": "El mineral más importante en la producción minera de Chile es el cobre."}
2025-05-02 17:05:51,086 - INFO - --- Ragas Trace Conversion Successful ---
2025-05-02 17:05:51,086 - INFO - --- Calculating tool score for TC 8 (RAG): Delegate Mineral Importante Query ---
2025-05-02 17:05:51,086 - INFO - --- Using TRUNCATED Ragas Trace for Supervisor ToolCallAccuracy ---
2025-05-02 17:05:51,086 - INFO - tool: 1.0000
2025-05-02 17:05:51,086 - INFO - --- End of TC 8 (RAG): Delegate Mineral Importante Query ---
