2025-04-28 23:01:22,016 - INFO - --- Running RAG Test 8: Brazo Telescópico (Log file: logs\rag\PetrosStav_gemma3-tools_12b\rag_tc_7.log) ---
2025-04-28 23:01:22,016 - INFO - User Query: ¿Qué es un brazo telescópico para la retroexcavadora?
2025-04-28 23:01:22,016 - INFO - Reference: Un brazo telescópico es un tipo de brazo extensible que se puede alargar y acortar mediante un sistema de secciones deslizantes, similar a cómo funciona un telescopio.
2025-04-28 23:01:22,017 - INFO - Expected Tool Calls: ['assign_to_rag_expert({})', "retrieve_context({'query': 'brazo telescópico retroexcavadora'})", 'transfer_back_to_supervisor({})']
2025-04-28 23:01:22,017 - INFO - Running test with conversation ID: test-run-306c4efa-19b4-49b9-a29c-b0007412180d
2025-04-28 23:01:56,699 - INFO - --- Workflow Output Messages ---
2025-04-28 23:01:56,699 - INFO - ================================ Human Message =================================

¿Qué es un brazo telescópico para la retroexcavadora?
2025-04-28 23:01:56,699 - INFO - ================================== Ai Message ==================================
Name: supervisor
Tool Calls:
  assign_to_rag_expert (d9bacf9f-f286-4abb-a2ee-03474b339045)
 Call ID: d9bacf9f-f286-4abb-a2ee-03474b339045
  Args:
2025-04-28 23:01:56,700 - INFO - ================================= Tool Message =================================
Name: assign_to_rag_expert

Successfully transferred to rag_expert
2025-04-28 23:01:56,700 - INFO - ================================== Ai Message ==================================
Name: rag_expert

Un brazo telescópico para retroexcavadora, también conocido como brazo extensible o brazo telescópico, es una extensión del brazo principal de la retroexcavadora. Permite alcanzar distancias mayores y excavar a profundidades más significativas que con el brazo estándar.  Esencialmente, proporciona una mayor capacidad de alcance y excavación. Se utiliza comúnmente para tareas como la excavación de zanjas profundas, la limpieza de escombros y la manipulación de materiales a distancia.
2025-04-28 23:01:56,700 - INFO - ================================== Ai Message ==================================
Name: rag_expert

Transferring back to supervisor
Tool Calls:
  transfer_back_to_supervisor (7c2214aa-c828-48d4-b027-ecf1c1beacab)
 Call ID: 7c2214aa-c828-48d4-b027-ecf1c1beacab
  Args:
2025-04-28 23:01:56,700 - INFO - ================================= Tool Message =================================
Name: transfer_back_to_supervisor

Successfully transferred back to supervisor
2025-04-28 23:01:56,701 - INFO - ================================== Ai Message ==================================
Name: supervisor

Un brazo telescópico para retroexcavadora es una pieza que permite al equipo extender su alcance y profundidad de excavación. Proporciona mayor versatilidad en tareas como la excavación profunda y la manipulación de materiales a distancia. Si necesitas más detalles técnicos o específicos, por favor indícalo.
2025-04-28 23:01:56,701 - INFO - --- Ragas Trace Conversion Successful ---
2025-04-28 23:01:56,701 - INFO - --- Calculating answer_accuracy score for RAG Test 8: Brazo Telescópico ---
2025-04-28 23:01:57,728 - INFO - answer_accuracy: 0.7500
2025-04-28 23:01:57,728 - INFO - --- Calculating bleu score for RAG Test 8: Brazo Telescópico ---
2025-04-28 23:01:57,729 - INFO - bleu: 0.0550
2025-04-28 23:01:57,729 - INFO - --- Calculating rouge score for RAG Test 8: Brazo Telescópico ---
2025-04-28 23:01:57,730 - INFO - rouge: 0.2195
2025-04-28 23:01:57,730 - INFO - --- Calculating non_llm_similarity score for RAG Test 8: Brazo Telescópico ---
2025-04-28 23:01:57,730 - INFO - non_llm_similarity: 0.3172
2025-04-28 23:01:57,730 - INFO - --- Calculating tool score for RAG Test 8: Brazo Telescópico ---
2025-04-28 23:01:57,731 - INFO - tool: 0.0000
2025-04-28 23:01:57,731 - INFO - --- End of RAG Test 8: Brazo Telescópico ---
