2025-04-28 22:55:53,968 - INFO - --- Running RAG Test 1: Producción Ministro Hales (Log file: logs\rag\PetrosStav_gemma3-tools_12b\rag_tc_0.log) ---
2025-04-28 22:55:53,968 - INFO - User Query: ¿Cuál es la producción diaria estimada para la mina Ministro Hales?
2025-04-28 22:55:53,968 - INFO - Reference: Tendría una producción diaria de 50.000 toneladas de mineral.
2025-04-28 22:55:53,968 - INFO - Expected Tool Calls: ['assign_to_rag_expert({})', "retrieve_context({'query': 'producción diaria estimada mina Ministro Hales'})", 'transfer_back_to_supervisor({})']
2025-04-28 22:55:53,968 - INFO - Running test with conversation ID: test-run-657070e7-574a-46cd-93c5-3c5074b6bef9
2025-04-28 22:56:39,726 - INFO - --- Workflow Output Messages ---
2025-04-28 22:56:39,727 - INFO - ================================ Human Message =================================

¿Cuál es la producción diaria estimada para la mina Ministro Hales?
2025-04-28 22:56:39,727 - INFO - ================================== Ai Message ==================================
Name: supervisor
Tool Calls:
  assign_to_rag_expert (aa5d437c-b139-4e01-b2a5-c9b2db8ebc50)
 Call ID: aa5d437c-b139-4e01-b2a5-c9b2db8ebc50
  Args:
2025-04-28 22:56:39,727 - INFO - ================================= Tool Message =================================
Name: assign_to_rag_expert

Successfully transferred to rag_expert
2025-04-28 22:56:39,728 - INFO - ================================== Ai Message ==================================
Name: rag_expert
Tool Calls:
  retrieve_context (23f9def7-7a5a-4e4b-8083-d43efafd7d53)
 Call ID: 23f9def7-7a5a-4e4b-8083-d43efafd7d53
  Args:
    k: 2
    query: producción diaria estimada Ministro Hales
2025-04-28 22:56:39,728 - INFO - ================================= Tool Message =================================
Name: retrieve_context

Error retrieving context from FAISS: 
2025-04-28 22:56:39,728 - INFO - ================================== Ai Message ==================================
Name: rag_expert

I am sorry, but I encountered an error while trying to retrieve the information about the estimated daily production for the Ministro Hales mine. I am unable to answer your question at this time. Please try again later.
2025-04-28 22:56:39,728 - INFO - ================================== Ai Message ==================================
Name: rag_expert

Transferring back to supervisor
Tool Calls:
  transfer_back_to_supervisor (74fe49b2-93cb-490e-9514-a0b60d2c135b)
 Call ID: 74fe49b2-93cb-490e-9514-a0b60d2c135b
  Args:
2025-04-28 22:56:39,729 - INFO - ================================= Tool Message =================================
Name: transfer_back_to_supervisor

Successfully transferred back to supervisor
2025-04-28 22:56:39,729 - INFO - ================================== Ai Message ==================================
Name: supervisor

Lo siento, hubo un error al intentar recuperar la información sobre la producción diaria estimada para la mina Ministro Hales. No puedo responder a tu pregunta en este momento. Por favor, inténtalo de nuevo más tarde.
2025-04-28 22:56:39,729 - INFO - --- Ragas Trace Conversion Successful ---
2025-04-28 22:56:39,730 - INFO - --- Calculating answer_accuracy score for RAG Test 1: Producción Ministro Hales ---
2025-04-28 22:56:40,956 - INFO - answer_accuracy: 0.0000
2025-04-28 22:56:40,956 - INFO - --- Calculating bleu score for RAG Test 1: Producción Ministro Hales ---
2025-04-28 22:56:40,958 - INFO - bleu: 0.0363
2025-04-28 22:56:40,959 - INFO - --- Calculating rouge score for RAG Test 1: Producción Ministro Hales ---
2025-04-28 22:56:40,959 - INFO - rouge: 0.1538
2025-04-28 22:56:40,960 - INFO - --- Calculating non_llm_similarity score for RAG Test 1: Producción Ministro Hales ---
2025-04-28 22:56:40,960 - INFO - non_llm_similarity: 0.2074
2025-04-28 22:56:40,960 - INFO - --- Calculating tool score for RAG Test 1: Producción Ministro Hales ---
2025-04-28 22:56:40,961 - INFO - tool: 0.6667
2025-04-28 22:56:40,961 - INFO - --- End of RAG Test 1: Producción Ministro Hales ---
