2025-04-28 23:00:04,494 - INFO - --- Running RAG Test 7: Componentes Retroexcavadora (Log file: logs\rag\PetrosStav_gemma3-tools_12b\rag_tc_6.log) ---
2025-04-28 23:00:04,495 - INFO - User Query: ¿Puedes entregarme los componentes externos de una retroexcavadora?
2025-04-28 23:00:04,495 - INFO - Reference: Chasis o bastidor, cabina, ruedas u orugas, estabilizadores, brazo principal (boom), brazo secundario (dipper stick), cucharón (bucket), cargador frontal (front loader), sistemas hidráulicos, motor, sistema de escape, luces y espejos, placa de contrapeso.
2025-04-28 23:00:04,495 - INFO - Expected Tool Calls: ['assign_to_rag_expert({})', "retrieve_context({'query': 'componentes externos retroexcavadora'})", 'transfer_back_to_supervisor({})']
2025-04-28 23:00:04,495 - INFO - Running test with conversation ID: test-run-1c080109-4e10-4737-9639-7f2629d54e46
2025-04-28 23:01:20,781 - INFO - --- Workflow Output Messages ---
2025-04-28 23:01:20,781 - INFO - ================================ Human Message =================================

¿Puedes entregarme los componentes externos de una retroexcavadora?
2025-04-28 23:01:20,781 - INFO - ================================== Ai Message ==================================
Name: supervisor
Tool Calls:
  assign_to_rag_expert (a9d2cd85-5051-46ae-937b-d57fe8d49dca)
 Call ID: a9d2cd85-5051-46ae-937b-d57fe8d49dca
  Args:
2025-04-28 23:01:20,782 - INFO - ================================= Tool Message =================================
Name: assign_to_rag_expert

Successfully transferred to rag_expert
2025-04-28 23:01:20,782 - INFO - ================================== Ai Message ==================================
Name: rag_expert

Los componentes externos de una retroexcavadora incluyen:

*   **Contenedor:** Es la estructura principal que alberga todos los componentes de la retroexcavadora.
*   **Pluma:** Es el brazo largo que se extiende desde el cuerpo de la retroexcavadora y se utiliza para excavar.
*   **Cubeta:** Es la herramienta en forma de cuchara que se une al extremo de la pluma y se utiliza para excavar y cargar materiales.
*   **Brazo:** Es la parte de la retroexcavadora que conecta la pluma con la cubeta.
*   **Palanca de control:** Se utiliza para controlar el movimiento de la pluma, el brazo y la cubeta.
*   **Motor:** Proporciona la potencia para operar la retroexcavadora.
*   **Sistema hidráulico:** Transmite la potencia del motor a los cilindros hidráulicos que controlan el movimiento de la pluma, el brazo y la cubeta.
*   **Neumáticos:** Proporcionan tracción y estabilidad a la retroexcavadora.
*   **Cabina:** Es el espacio donde el operador controla la retroexcavadora.
*   **Asientos:** Proporcionan un lugar cómodo para el operador.
*   **Luces:** Proporcionan iluminación para trabajar en condiciones de poca luz.
*   **Estabilizadores:** Proporcionan estabilidad a la retroexcavadora cuando está en funcionamiento.
2025-04-28 23:01:20,783 - INFO - ================================== Ai Message ==================================
Name: rag_expert

Transferring back to supervisor
Tool Calls:
  transfer_back_to_supervisor (52fa5277-fb3c-4e40-acff-788cf1150b18)
 Call ID: 52fa5277-fb3c-4e40-acff-788cf1150b18
  Args:
2025-04-28 23:01:20,783 - INFO - ================================= Tool Message =================================
Name: transfer_back_to_supervisor

Successfully transferred back to supervisor
2025-04-28 23:01:20,783 - INFO - ================================== Ai Message ==================================
Name: supervisor

El RAG expert ha proporcionado información sobre los componentes externos de una retroexcavadora. Si necesitas más detalles específicos o tienes alguna otra pregunta, por favor házmelo saber.
2025-04-28 23:01:20,784 - INFO - --- Ragas Trace Conversion Successful ---
2025-04-28 23:01:20,784 - INFO - --- Calculating answer_accuracy score for RAG Test 7: Componentes Retroexcavadora ---
2025-04-28 23:01:22,012 - INFO - answer_accuracy: 0.0000
2025-04-28 23:01:22,012 - INFO - --- Calculating bleu score for RAG Test 7: Componentes Retroexcavadora ---
2025-04-28 23:01:22,013 - INFO - bleu: 0.0013
2025-04-28 23:01:22,013 - INFO - --- Calculating rouge score for RAG Test 7: Componentes Retroexcavadora ---
2025-04-28 23:01:22,014 - INFO - rouge: 0.0606
2025-04-28 23:01:22,014 - INFO - --- Calculating non_llm_similarity score for RAG Test 7: Componentes Retroexcavadora ---
2025-04-28 23:01:22,015 - INFO - non_llm_similarity: 0.2196
2025-04-28 23:01:22,015 - INFO - --- Calculating tool score for RAG Test 7: Componentes Retroexcavadora ---
2025-04-28 23:01:22,015 - INFO - tool: 0.0000
2025-04-28 23:01:22,015 - INFO - --- End of RAG Test 7: Componentes Retroexcavadora ---
